abs
accountsservice
autoconf
automake
bash
beets
bind-tools
binutils
bison
boost
bzip2
bzr
clang
clutter
clutter-gtk
cmake
cogl
coreutils
cowsay
cronie
cryptsetup
device-mapper
dhcpcd
dialog
diffutils
docbook-xml
docbook2x
dosfstools
doxygen
dvdrip
e2fsprogs
efibootmgr
emacs
exo
expac
fakeroot
ffmpeg-compat
figlet
file
filesystem
findutils
flex
fortune-mod
garcon
gawk
gcc
gcc-libs
gettext
git
glew
glibc
gnome-common
gnome-do
gnome-doc-utils
go
gobject-introspection
gptfdisk
grep
groff
gst-libav
gst-plugins-good
gtk-engines
gtk-xfce-engine
gvfs
gzip
handbrake
hardening-wrapper
harfbuzz-icu
htop
hunspell
icu
inetutils
intltool
iperf3
iproute2
iputils
irssi
jdk8-openjdk
jfsutils
jshon
keepassx2
keybase
less
lib32-libxxf86vm
libcec
libdbusmenu-glib
libdbusmenu-gtk3
libdvdcss
libgee
libmicrohttpd
libshairport
libtool
libusb-compat
libxnvctrl
libxss
licenses
lightdm
linux
logrotate
lolcat
lvm2
m4
make
man-db
man-pages
mdadm
memtest86+
mkvtoolnix-cli
mkvtoolnix-gui
mpd
mplayer
mumble
nano
nasm
ncmpcpp
netctl
network-manager-applet
networkmanager
nfs-utils
nodejs
noto-fonts
noto-fonts-cjk
noto-fonts-emoji
npm
nss-mdns
ntfs-3g
ntp
nvidia
nvidia-libgl
ocaml
openssh
opus
p7zip
pacman
patch
pavucontrol
pciutils
pcmciautils
perl
perl-xml-libxml
perl-xml-sax-expat
picard
pkg-config
procps-ng
psmisc
pulseaudio
pulseaudio-alsa
python-dbus
python-gobject
python-pip
python-pyside
python2-gconf
python2-mpd
python2-pexpect
python2-pip
python2-requests
python2-requests-oauthlib
python2-xdg
re2c
redshift
refind-efi
reflector
reiserfsprogs
ristretto
rsync
s-nail
scons
screenfetch
sdl_mixer
sed
shadow
snappy
speech-dispatcher
sudo
swig
sysfsutils
systemd-sysvcompat
tar
terminator
texinfo
thunar
thunar-volman
tinyxml
tmux
transcode
transmission-cli
transmission-qt
tree
tumbler
usbutils
util-linux
vala
vi
vim
vlc
webkit2gtk
wget
which
wireless_tools
xfce4-appfinder
xfce4-mixer
xfce4-notifyd
xfce4-panel
xfce4-power-manager
xfce4-screenshooter
xfce4-session
xfce4-settings
xfce4-terminal
xfconf
xfdesktop
xfsprogs
xfwm4
xfwm4-themes
xorg-xinput
xterm
zip
zsh
